
waqas.dilawar@MS-LT-55 MINGW64 ~/source/repos/LearningGit
$ git init
Initialized empty Git repository in C:/Users/waqas.dilawar/source/repos/LearningGit/.git/

waqas.dilawar@MS-LT-55 MINGW64 ~/source/repos/LearningGit (master)
$ git status
On branch master

Initial commit

nothing to commit (create/copy files and use "git add" to track)

waqas.dilawar@MS-LT-55 MINGW64 ~/source/repos/LearningGit (master)
$ git status
On branch master

Initial commit

Untracked files:
  (use "git add <file>..." to include in what will be committed)

        ProposalApprovedAuthorizationHandler.cs
        ProposalRequirement.cs
        YearsOfExperienceAuthorizationHandler.cs
        YearsOfExperienceRequirement.cs

nothing added to commit but untracked files present (use "git add" to track)

waqas.dilawar@MS-LT-55 MINGW64 ~/source/repos/LearningGit (master)
$ git add Proposal
ProposalApprovedAuthorizationHandler.cs
ProposalRequirement.cs

waqas.dilawar@MS-LT-55 MINGW64 ~/source/repos/LearningGit (master)
$ git add Proposal
ProposalApprovedAuthorizationHandler.cs
ProposalRequirement.cs

waqas.dilawar@MS-LT-55 MINGW64 ~/source/repos/LearningGit (master)
$ git add Proposal
ProposalApprovedAuthorizationHandler.cs
ProposalRequirement.cs

waqas.dilawar@MS-LT-55 MINGW64 ~/source/repos/LearningGit (master)
$ git add ProposalRequirement.cs

waqas.dilawar@MS-LT-55 MINGW64 ~/source/repos/LearningGit (master)
$ git status
On branch master

Initial commit

Changes to be committed:
  (use "git rm --cached <file>..." to unstage)

        new file:   ProposalRequirement.cs

Untracked files:
  (use "git add <file>..." to include in what will be committed)

        ProposalApprovedAuthorizationHandler.cs
        YearsOfExperienceAuthorizationHandler.cs
        YearsOfExperienceRequirement.cs


waqas.dilawar@MS-LT-55 MINGW64 ~/source/repos/LearningGit (master)
$ git add ProposalApprovedAuthorizationHandler.cs

waqas.dilawar@MS-LT-55 MINGW64 ~/source/repos/LearningGit (master)
$ git status
On branch master

Initial commit

Changes to be committed:
  (use "git rm --cached <file>..." to unstage)

        new file:   ProposalApprovedAuthorizationHandler.cs
        new file:   ProposalRequirement.cs

Untracked files:
  (use "git add <file>..." to include in what will be committed)

        YearsOfExperienceAuthorizationHandler.cs
        YearsOfExperienceRequirement.cs


waqas.dilawar@MS-LT-55 MINGW64 ~/source/repos/LearningGit (master)
$ git a
add        am         annotate   apply      archive    askpass

waqas.dilawar@MS-LT-55 MINGW64 ~/source/repos/LearningGit (master)
$ git a
add        am         annotate   apply      archive    askpass

waqas.dilawar@MS-LT-55 MINGW64 ~/source/repos/LearningGit (master)
$ git a
add        am         annotate   apply      archive    askpass

waqas.dilawar@MS-LT-55 MINGW64 ~/source/repos/LearningGit (master)
$ git add YearsOfExperienceAuthorizationHandler.cs

waqas.dilawar@MS-LT-55 MINGW64 ~/source/repos/LearningGit (master)
$ git status
On branch master

Initial commit

Changes to be committed:
  (use "git rm --cached <file>..." to unstage)

        new file:   ProposalApprovedAuthorizationHandler.cs
        new file:   ProposalRequirement.cs
        new file:   YearsOfExperienceAuthorizationHandler.cs

Untracked files:
  (use "git add <file>..." to include in what will be committed)

        YearsOfExperienceRequirement.cs


waqas.dilawar@MS-LT-55 MINGW64 ~/source/repos/LearningGit (master)
$ git add YearsOfExperienceRequirement.cs

waqas.dilawar@MS-LT-55 MINGW64 ~/source/repos/LearningGit (master)
$ git status
On branch master

Initial commit

Changes to be committed:
  (use "git rm --cached <file>..." to unstage)

        new file:   ProposalApprovedAuthorizationHandler.cs
        new file:   ProposalRequirement.cs
        new file:   YearsOfExperienceAuthorizationHandler.cs
        new file:   YearsOfExperienceRequirement.cs


waqas.dilawar@MS-LT-55 MINGW64 ~/source/repos/LearningGit (master)
$ git rm --cached YearsOfExperienceAuthorizationHandler.cs
rm 'YearsOfExperienceAuthorizationHandler.cs'

waqas.dilawar@MS-LT-55 MINGW64 ~/source/repos/LearningGit (master)
$ git status
On branch master

Initial commit

Changes to be committed:
  (use "git rm --cached <file>..." to unstage)

        new file:   ProposalApprovedAuthorizationHandler.cs
        new file:   ProposalRequirement.cs
        new file:   YearsOfExperienceRequirement.cs

Untracked files:
  (use "git add <file>..." to include in what will be committed)

        YearsOfExperienceAuthorizationHandler.cs


waqas.dilawar@MS-LT-55 MINGW64 ~/source/repos/LearningGit (master)
$ git add YearsOfExperienceAuthorizationHandler.cs

waqas.dilawar@MS-LT-55 MINGW64 ~/source/repos/LearningGit (master)
$ git commit -m "Four Files are added"
[master (root-commit) d39b2f1] Four Files are added
 4 files changed, 74 insertions(+)
 create mode 100644 ProposalApprovedAuthorizationHandler.cs
 create mode 100644 ProposalRequirement.cs
 create mode 100644 YearsOfExperienceAuthorizationHandler.cs
 create mode 100644 YearsOfExperienceRequirement.cs

waqas.dilawar@MS-LT-55 MINGW64 ~/source/repos/LearningGit (master)
$ git status
On branch master
nothing to commit, working tree clean

waqas.dilawar@MS-LT-55 MINGW64 ~/source/repos/LearningGit (master)
$ git log
commit d39b2f16106f83784de84e8015fc378b38fc9206 (HEAD -> master)
Author: Waqas Dilawar <waqas.dilawar@moftak.com>
Date:   Sun Dec 24 15:43:59 2017 +0500

    Four Files are added

waqas.dilawar@MS-LT-55 MINGW64 ~/source/repos/LearningGit (master)
$ git status
On branch master
Changes not staged for commit:
  (use "git add <file>..." to update what will be committed)
  (use "git checkout -- <file>..." to discard changes in working directory)

        modified:   YearsOfExperienceRequirement.cs

no changes added to commit (use "git add" and/or "git commit -a")

waqas.dilawar@MS-LT-55 MINGW64 ~/source/repos/LearningGit (master)
$ git checkout YearsOfExperienceRequirement.cs

waqas.dilawar@MS-LT-55 MINGW64 ~/source/repos/LearningGit (master)
$ git status
On branch master
nothing to commit, working tree clean

waqas.dilawar@MS-LT-55 MINGW64 ~/source/repos/LearningGit (master)
$ git status
On branch master
Changes not staged for commit:
  (use "git add <file>..." to update what will be committed)
  (use "git checkout -- <file>..." to discard changes in working directory)

        modified:   YearsOfExperienceRequirement.cs

no changes added to commit (use "git add" and/or "git commit -a")

waqas.dilawar@MS-LT-55 MINGW64 ~/source/repos/LearningGit (master)
$ git add YearsOfExperienceRequirement.cs

waqas.dilawar@MS-LT-55 MINGW64 ~/source/repos/LearningGit (master)
$ git commit -m "Updated the file and examined the process of how to discard the changes"
[master a2363d7] Updated the file and examined the process of how to discard the changes
 1 file changed, 1 insertion(+)

waqas.dilawar@MS-LT-55 MINGW64 ~/source/repos/LearningGit (master)
$ git status
On branch master
nothing to commit, working tree clean

waqas.dilawar@MS-LT-55 MINGW64 ~/source/repos/LearningGit (master)
$ git log
commit a2363d7ce828c33da08d94e41ec0825132650a31 (HEAD -> master)
Author: Waqas Dilawar <waqas.dilawar@moftak.com>
Date:   Sun Dec 24 15:49:45 2017 +0500

    Updated the file and examined the process of how to discard the changes

commit d39b2f16106f83784de84e8015fc378b38fc9206
Author: Waqas Dilawar <waqas.dilawar@moftak.com>
Date:   Sun Dec 24 15:43:59 2017 +0500

    Four Files are added

waqas.dilawar@MS-LT-55 MINGW64 ~/source/repos/LearningGit (master)
$ git remote add origin https://github.com/wiqistar/learninggit.git

waqas.dilawar@MS-LT-55 MINGW64 ~/source/repos/LearningGit (master)
$ git remote -v
origin  https://github.com/wiqistar/learninggit.git (fetch)
origin  https://github.com/wiqistar/learninggit.git (push)

waqas.dilawar@MS-LT-55 MINGW64 ~/source/repos/LearningGit (master)
$ git push -u origin master
fatal: unable to access 'https://github.com/wiqistar/learninggit.git/': Failed to connect to github.com port 443: Bad access

waqas.dilawar@MS-LT-55 MINGW64 ~/source/repos/LearningGit (master)
$ git push -u origin master
fatal: unable to access 'https://github.com/wiqistar/learninggit.git/': Failed to connect to github.com port 443: Bad access

waqas.dilawar@MS-LT-55 MINGW64 ~/source/repos/LearningGit (master)
$

waqas.dilawar@MS-LT-55 MINGW64 ~/source/repos/LearningGit (master)
$ git push -u origin master
fatal: unable to access 'https://github.com/wiqistar/learninggit.git/': Failed to connect to github.com port 443: Bad access

waqas.dilawar@MS-LT-55 MINGW64 ~/source/repos/LearningGit (master)
$ git push -u origin master
Counting objects: 9, done.
Delta compression using up to 4 threads.
Compressing objects: 100% (9/9), done.
Writing objects: 100% (9/9), 1.64 KiB | 0 bytes/s, done.
Total 9 (delta 2), reused 0 (delta 0)
remote: Resolving deltas: 100% (2/2), done.
To https://github.com/wiqistar/learninggit.git
 * [new branch]      master -> master
Branch master set up to track remote branch master from origin.

waqas.dilawar@MS-LT-55 MINGW64 ~/source/repos/LearningGit (master)
$ git fetch origin master
remote: Counting objects: 3, done.
remote: Compressing objects: 100% (3/3), done.
remote: Total 3 (delta 2), reused 0 (delta 0), pack-reused 0
Unpacking objects: 100% (3/3), done.
From https://github.com/wiqistar/learninggit
 * branch            master     -> FETCH_HEAD
   a2363d7..b7d9031  master     -> origin/master

waqas.dilawar@MS-LT-55 MINGW64 ~/source/repos/LearningGit (master)
$ git merge origin/master
Updating a2363d7..b7d9031
Fast-forward
 YearsOfExperienceRequirement.cs | 1 +
 1 file changed, 1 insertion(+)

waqas.dilawar@MS-LT-55 MINGW64 ~/source/repos/LearningGit (master)
$ git change
git: 'change' is not a git command. See 'git --help'.

Did you mean this?
        whatchanged

waqas.dilawar@MS-LT-55 MINGW64 ~/source/repos/LearningGit (master)
$ git status
On branch master
Your branch is up-to-date with 'origin/master'.
nothing to commit, working tree clean

waqas.dilawar@MS-LT-55 MINGW64 ~/source/repos/LearningGit (master)
$ git log
commit b7d9031cfdd6b341dfdfd185794519e0fc0a9ab3 (HEAD -> master, origin/master)
Author: wiqistar <20771676+wiqistar@users.noreply.github.com>
Date:   Sun Dec 24 16:04:53 2017 +0500

    Updated at GitHub to understand the changes

commit a2363d7ce828c33da08d94e41ec0825132650a31
Author: Waqas Dilawar <waqas.dilawar@moftak.com>
Date:   Sun Dec 24 15:49:45 2017 +0500

    Updated the file and examined the process of how to discard the changes

commit d39b2f16106f83784de84e8015fc378b38fc9206
Author: Waqas Dilawar <waqas.dilawar@moftak.com>
Date:   Sun Dec 24 15:43:59 2017 +0500

    Four Files are added

waqas.dilawar@MS-LT-55 MINGW64 ~/source/repos/LearningGit (master)
$ git pull origin master
remote: Counting objects: 3, done.
remote: Compressing objects: 100% (3/3), done.
remote: Total 3 (delta 2), reused 0 (delta 0), pack-reused 0
Unpacking objects: 100% (3/3), done.
From https://github.com/wiqistar/learninggit
 * branch            master     -> FETCH_HEAD
   b7d9031..2ddbeb3  master     -> origin/master
Updating b7d9031..2ddbeb3
Fast-forward
 ProposalApprovedAuthorizationHandler.cs | 1 +
 1 file changed, 1 insertion(+)

waqas.dilawar@MS-LT-55 MINGW64 ~/source/repos/LearningGit (master)
$ git log
commit 2ddbeb36b5d18c63072a90592aa5b01173a1d8fe (HEAD -> master, origin/master)
Author: wiqistar <20771676+wiqistar@users.noreply.github.com>
Date:   Sun Dec 24 16:08:29 2017 +0500

    Pull Behavior

commit b7d9031cfdd6b341dfdfd185794519e0fc0a9ab3
Author: wiqistar <20771676+wiqistar@users.noreply.github.com>
Date:   Sun Dec 24 16:04:53 2017 +0500

    Updated at GitHub to understand the changes

commit a2363d7ce828c33da08d94e41ec0825132650a31
Author: Waqas Dilawar <waqas.dilawar@moftak.com>
Date:   Sun Dec 24 15:49:45 2017 +0500

    Updated the file and examined the process of how to discard the changes

commit d39b2f16106f83784de84e8015fc378b38fc9206
Author: Waqas Dilawar <waqas.dilawar@moftak.com>
Date:   Sun Dec 24 15:43:59 2017 +0500

    Four Files are added

waqas.dilawar@MS-LT-55 MINGW64 ~/source/repos/LearningGit (master)
$  git remote remove origin

waqas.dilawar@MS-LT-55 MINGW64 ~/source/repos/LearningGit (master)
$ git status
On branch master
nothing to commit, working tree clean

waqas.dilawar@MS-LT-55 MINGW64 ~/source/repos/LearningGit (master)
$ git remote add origin https://github.com/wiqistar/angularlearning.git

waqas.dilawar@MS-LT-55 MINGW64 ~/source/repos/LearningGit (master)
$ git remote  -v
origin  https://github.com/wiqistar/angularlearning.git (fetch)
origin  https://github.com/wiqistar/angularlearning.git (push)

waqas.dilawar@MS-LT-55 MINGW64 ~/source/repos/LearningGit (master)
$ git push -u origin master
To https://github.com/wiqistar/angularlearning.git
 ! [rejected]        master -> master (fetch first)
error: failed to push some refs to 'https://github.com/wiqistar/angularlearning.git'
hint: Updates were rejected because the remote contains work that you do
hint: not have locally. This is usually caused by another repository pushing
hint: to the same ref. You may want to first integrate the remote changes
hint: (e.g., 'git pull ...') before pushing again.
hint: See the 'Note about fast-forwards' in 'git push --help' for details.

waqas.dilawar@MS-LT-55 MINGW64 ~/source/repos/LearningGit (master)
$ git pull origin master --allow-unrelated-histories
